// Jest Snapshot v1, https://goo.gl/fbAQLP

exports[`should render header correctly 1`] = `
<header
  className="header"
>
  <div
    className="content-container"
  >
    <div
      className="header-content"
    >
      <Link
        className="header-link"
        to="/dashboard"
      >
        <h1>
          Expensify
        </h1>
      </Link>
       |
      <button
        className="button"
        onClick={[Function]}
      >
        Logout
      </button>
    </div>
  </div>
</header>
`;
